// Jest Snapshot v1, https://goo.gl/fbAQLP

exports[`Generate component check div 1`] = `ShallowWrapper {}`;
