// Jest Snapshot v1, https://goo.gl/fbAQLP

exports[` 1`] = `ShallowWrapper {}`;

exports[`Generate component check div 1`] = `ShallowWrapper {}`;
